chr	pos	a1	a2	rsID	z	p	Nsum	Neff	dir
1	721290	C	G	rs12565286	-0.5100734569685949	0.61	87868	86478.24	-??
1	723819	A	T	rs11804171	-0.643345405392917	0.52	88951	87544.11	-??
1	723891	C	G	rs2977670	0.34512553147047237	0.73	68243	67163.64	+??
1	729679	C	G	rs4951859	-1.2582537548282322	0.20829999999999982	85000	83655.6	?-?
1	731718	T	C	rs58276399	0.9745168034575658	0.3298	85000	83655.6	?+?
1	734349	T	C	rs141242758	1.024710091474131	0.3055	85000	83655.6	?+?
1	736289	A	T	rs79010578	-0.6538631140770989	0.5132000000000001	85000	83655.6	?-?
1	750235	A	G	rs12138618	-0.4261480078412781	0.6699999999999999	62564	61574.46	-??
1	751343	A	T	chr1:751343	2.575829303548901	0.009999999999999997	53000	52161.73	??+
1	751756	T	C	1:751756:C_T	1.4403740778151222	0.14976159350149443	138000	135817.33	?-+
1	752566	A	G	rs3094315	nan	nan	276910	272530.26	+-+
1	752721	A	G	rs3131972	1.793673609828809	0.07286527987759513	138000	135817.33	?++
1	752894	T	C	rs3131971	2.1167897943559804	0.03427769189404936	138000	135817.33	?++
1	753405	A	C	1:753405:A_C	1.4152233588104812	0.15700301781130832	138000	135817.33	?-+
1	753425	T	C	chr1:753425	2.586344241715327	0.009700000000000009	53000	52161.73	??+
1	753474	C	G	rs2073814	-1.7425949525511686	0.08140439233273919	138000	135817.33	?--
1	753541	A	G	rs2073813	1.0293264847700538	0.30332628183311217	207852	204564.51	--+
1	754182	A	G	rs3131969	1.6133059132158205	0.10667806250060194	138000	135817.33	?-+
1	754192	A	G	rs3131968	0.5076196137662327	0.6117201328267168	236741	232996.59	--+
1	754334	T	C	rs3131967	2.015517719880102	0.043850431296925826	138000	135817.33	?++
1	754503	A	G	rs3115859	1.502664898091277	0.1329254788179726	138000	135817.33	?-+
1	754964	T	C	rs3131966	1.327715028541041	0.18427226686100928	138000	135817.33	?-+
1	755775	A	G	rs3131965	1.4819896163374298	0.1383430578838326	138000	135817.33	?-+
1	755890	A	T	rs3115858	1.9087932680187982	0.05628876564881746	138000	135817.33	?++
1	756604	A	G	rs3131962	0.2694284440182583	0.7876	85000	83655.6	?+?
1	757640	A	G	rs3115853	-0.026197261676361987	0.9791	85000	83655.6	?-?
1	757734	T	C	rs4951929	-0.12844098298049172	0.8978	85000	83655.6	?-?
1	757936	A	C	rs4951862	-0.16874146762053802	0.866	85000	83655.6	?-?
1	758144	A	G	rs3131956	1.7776615377052227	0.07545946028320621	138000	135817.33	?++
1	758626	T	C	rs3131954	-0.12465081188363736	0.9008	85000	83655.6	?-?
1	759700	T	C	1:759700:C_T	1.6727306912335926	0.09438032445709237	138000	135817.33	?-+
1	759837	A	T	rs3115851	-0.09955200363213462	0.9207	85000	83655.6	?-?
1	760912	T	C	rs1048488	-0.4027936947637632	0.6871	85000	83655.6	?-?
1	761147	T	C	rs3115850	0.7537489216716377	0.45099999999999985	85000	83655.6	?+?
1	761732	T	C	rs2286139	-0.14488711477847552	0.8848	85000	83655.6	?-?
1	761752	T	C	rs1057213	-0.14387395827044144	0.8856	85000	83655.6	?-?
1	762273	A	G	rs3115849	0.44281438170420917	0.6578999999999999	85000	83655.6	?+?
1	762485	A	C	rs12095200	0.34645606106583676	0.7289999999999999	85000	83655.6	?+?
1	762589	C	G	rs3115848	0.09212339621491197	0.9266	85000	83655.6	?+?
1	762592	C	G	rs3131950	-0.08394520246174157	0.9331	85000	83655.6	?-?
1	762601	T	C	rs3131949	0.0831905835812142	0.9337	85000	83655.6	?+?
1	762632	A	T	rs3131948	-0.2600826769924342	0.7948	85000	83655.6	?-?
1	764191	T	G	rs7515915	-0.06534413846760069	0.9479	85000	83655.6	?-?
1	766007	A	C	rs61768174	0.2209902817035212	0.8251	85000	83655.6	?+?
1	768253	A	C	rs2977608	-0.3596618830172767	0.7191	85000	83655.6	?-?
1	768448	A	G	rs12562034	-1.2152239127994018	0.22428070242320874	173015	170278.51	--?
1	769138	D	I3	chr1_769138_D	0.12932561978681642	0.8971	85000	83655.6	?+?
1	769223	C	G	rs60320384	-0.057558885455230274	0.9541	85000	83655.6	?-?
1	771823	T	C	rs2977605	0.023313754740585505	0.9814	85000	83655.6	?+?
1	771967	A	G	rs59066358	-0.03434755978425272	0.9726	85000	83655.6	?-?
1	772755	A	C	rs2905039	0.08960639799290789	0.9286	85000	83655.6	?+?
1	775181	A	G	rs61768182	-0.08407097691115972	0.933	85000	83655.6	?-?
1	775659	A	G	rs2905035	-0.37185608938507475	0.71	148267	145921.94	-??
1	777122	A	T	rs2980319	-0.3264087936490378	0.744115085188099	233975	230274.34	-+?
1	777232	T	C	rs112618790	0.15312462111010983	0.8783	85000	83655.6	?+?
1	778745	A	G	rs1055606	0.08633514637816161	0.9312	85000	83655.6	?+?
1	779322	A	G	rs4040617	0.07928225744072326	0.9368081183855366	221071	217574.43	++?
1	780785	A	T	rs2977612	0.13038416359927382	0.896262495249599	221490	217986.81	++?
1	781845	A	G	rs61768199	0.034472965420378865	0.9725	85000	83655.6	?+?
1	782981	T	C	rs6594026	0.2669599468349057	0.7895	85000	83655.6	?+?
1	783318	A	G	rs6686696	0.030711023285021018	0.9755	85000	83655.6	?+?
1	785050	A	G	rs2905062	0.31910919379357827	0.7496437122111775	222157	218643.26	++?
1	785989	T	C	rs2980300	-0.3637832074549424	0.7160199032478625	222045	218533.03	--?
1	786995	A	G	rs61768202	0.016293804724859254	0.987	85000	83655.6	?+?
1	787121	A	T	rs12077234	-0.24856149027651456	0.8036999999999999	85000	83655.6	?-?
1	787151	A	G	rs2519065	0.3239181532811331	0.746	85000	83655.6	?+?
1	787262	C	G	rs2905056	0.029707914312939968	0.9763	85000	83655.6	?+?
1	787399	T	G	rs2905055	0.22227475905476166	0.8241	85000	83655.6	?+?
1	787606	T	G	rs3863622	-0.08155573793071842	0.935	85000	83655.6	?-?
1	787685	T	G	rs2905054	0.3311912885523925	0.7404999999999999	85000	83655.6	?+?
1	787844	T	C	rs2905053	0.1456470797150948	0.8842	85000	83655.6	?+?
1	789513	I2	D	chr1_789513_D	0.05329106397623436	0.9575	85000	83655.6	?+?
1	790465	A	G	rs61768207	0.07790955339763	0.9379	85000	83655.6	?+?
1	790758	D	I3	chr1_790758_D	0.37588821795517746	0.707	85000	83655.6	?+?
1	791191	A	G	rs111818025	0.09036143712925866	0.928	85000	83655.6	?+?
1	794332	A	G	rs12127425	-1.199586428340772	0.23030000000000006	85000	83655.6	?-?
1	795222	C	G	rs12131377	1.0173225765588283	0.30900000000000005	85000	83655.6	?+?
1	796100	T	C	rs12132398	-0.9989890412674265	0.3178000000000002	85000	83655.6	?-?
1	796375	T	C	rs12083781	1.0658951713486708	0.2864710320205712	138000	135817.33	?++
1	796767	A	G	1:796767:A_G	1.445638244353958	0.148278693935448	138000	135817.33	?++
1	797126	I5	D	chr1_797126_D	0.9795667995711693	0.3272999999999999	85000	83655.6	?+?
1	797281	C	G	rs76631953	-1.0219596464398262	0.30679999999999996	85000	83655.6	?-?
1	797325	T	C	rs111739932	0.9494338520574003	0.34240000000000004	85000	83655.6	?+?
1	797440	T	C	rs58013264	0.9656963346966532	0.3341961541190468	138000	135817.33	?++
1	798026	T	C	rs4951864	0.5828415072712162	0.56	83792	82466.71	+??
1	798400	A	G	rs10900604	1.8923547196027046	0.05844373477150082	138000	135817.33	?++
1	798801	A	G	rs12132517	-0.8045042634647905	0.42110580807051545	165738	163116.61	--?
1	798959	A	G	rs11240777	0.7135651310156667	0.475496125468703	245660	241774.52	+-+
1	799499	T	C	rs147634896	1.0025044881268501	0.31610000000000005	85000	83655.6	?+?
1	800193	A	T	rs143609865	0.4882115560949887	0.6254	85000	83655.6	?+?
1	801467	C	G	rs61768212	-1.2331460281663111	0.21752128744162436	138000	135817.33	?--
1	801661	T	C	rs12132974	-0.933813702553905	0.35040000000000004	85000	83655.6	?-?
1	801680	A	C	rs12134490	1.0403011717157524	0.2982	85000	83655.6	?+?
1	801858	T	C	rs17276806	-1.0456990533964894	0.2957000000000002	85000	83655.6	?-?
1	802026	A	G	rs7553096	0.6749095764203987	0.49973321590467157	138000	135817.33	?-+
1	802398	T	C	rs111444624	-1.0603178967076075	0.28900000000000003	85000	83655.6	?-?
1	802496	T	C	rs10157494	-0.511501411920353	0.609	85000	83655.6	?-?
1	802856	T	C	rs139867617	-0.9396443874232091	0.34739999999999993	85000	83655.6	?-?
1	803596	T	C	rs142367470	0.853287302021687	0.39349999999999985	85000	83655.6	?+?
1	804759	T	C	rs7526310	-0.5718848328960876	0.5674	85000	83655.6	?-?
1	807997	A	G	rs61768215	-0.12793552140422831	0.8982	85000	83655.6	?-?
1	808223	C	G	rs4951933	0.9771396914951122	0.3285	85000	83655.6	?+?
1	808631	A	G	rs11240779	1.7935902531131434	0.07287859339776523	138000	135817.33	?++
1	810286	A	G	rs28410559	-0.6677393298140241	0.5043	85000	83655.6	?-?
1	810780	C	G	rs58686784	-0.05718227193180178	0.9544	85000	83655.6	?-?
1	812743	T	C	rs6605064	-0.7926187177017121	0.42799999999999994	85000	83655.6	?-?
1	813640	A	G	rs4246499	-0.6289221868699605	0.5294000000000001	85000	83655.6	?-?
1	886788	A	G	rs10465242	0.6588376927361878	0.51	53000	52161.73	??+
1	886817	T	C	rs10465241	0.6588376927361878	0.51	53000	52161.73	??+
1	912049	T	C	rs7367995	0.6128129910166272	0.54	53000	52161.73	??+
1	913889	A	G	rs2340596	0.5680514983389829	0.57	53000	52161.73	??+
1	914333	G	C	rs13302979	0.5533847195556729	0.5799999999999998	53000	52161.73	??+
1	914852	G	C	rs13303368	0.5828415072712162	0.56	53000	52161.73	??+
1	914940	T	C	rs13303033	0.5828415072712162	0.56	53000	52161.73	??+
1	916834	A	G	rs6694632	0.6128129910166272	0.54	53000	52161.73	??+
1	917060	G	C	rs6605058	0.29237489622680424	0.7699999999999999	53000	52161.73	??+
1	918384	T	G	rs13303118	0.6128129910166272	0.54	53000	52161.73	??+
1	918573	A	G	rs2341354	0.5977601260424784	0.55	53000	52161.73	??+
1	919489	T	C	rs61606412	0.22754497664114945	0.82	53000	52161.73	??+
1	919501	T	G	rs4970414	0.7721932141886848	0.43999999999999995	53000	52161.73	??+
1	920648	T	C	rs6677020	0.02506890825871106	0.98	53000	52161.73	??+
1	920733	T	C	rs6677131	0.02506890825871106	0.98	53000	52161.73	??+
1	921570	T	C	rs6662128	0.10043372051146975	0.92	53000	52161.73	??+
1	921716	A	C	rs13303278	0.4399131656732338	0.66	53000	52161.73	??+
1	923076	A	G	rs6605060	0.1130385406445651	0.91	53000	52161.73	??+
1	923459	A	G	rs9442609	0.1130385406445651	0.91	53000	52161.73	??+
1	923749	T	C	rs9442610	0.1130385406445651	0.91	53000	52161.73	??+
1	924368	T	C	rs35562283	0.1130385406445651	0.91	53000	52161.73	??+
1	924528	A	C	rs34712273	0.41246312944140473	0.6799999999999999	53000	52161.73	??+
1	924603	T	C	rs28422907	0.16365848623314128	0.87	53000	52161.73	??+
1	924629	A	G	rs28622096	0.1130385406445651	0.91	53000	52161.73	??+
1	924898	A	C	rs6665000	0.1130385406445651	0.91	53000	52161.73	??+
1	925684	T	C	rs6605061	0.1130385406445651	0.91	53000	52161.73	??+
1	926351	T	C	rs6671243	0.1130385406445651	0.91	53000	52161.73	??+
1	926431	A	T	rs4970403	0.1130385406445651	0.91	53000	52161.73	??+
1	926621	A	C	rs4970351	0.1130385406445651	0.91	53000	52161.73	??+
1	927309	T	C	rs2341362	0.1130385406445651	0.91	53000	52161.73	??+
1	928373	A	G	rs70949539	0.1130385406445651	0.91	53000	52161.73	??+
1	928520	A	G	rs35002855	0.1130385406445651	0.91	53000	52161.73	??+
1	928578	A	G	rs28394749	0.1130385406445651	0.91	53000	52161.73	??+
1	928836	T	C	rs9777703	0.1130385406445651	0.91	53000	52161.73	??+
1	929190	A	G	rs9777939	0.1130385406445651	0.91	53000	52161.73	??+
1	929316	T	C	rs9777893	0.15096921549677725	0.88	53000	52161.73	??+
1	929321	A	C	rs13302916	0.16365848623314128	0.87	53000	52161.73	??+
1	929327	A	G	rs13302924	0.1130385406445651	0.91	53000	52161.73	??+
1	930533	G	C	rs3128110	0.48172684958473033	0.63	53000	52161.73	??+
1	930567	A	G	rs3121574	0.48172684958473033	0.63	53000	52161.73	??+
1	930751	G	C	rs3128111	0.5244005127080409	0.5999999999999999	53000	52161.73	??+
1	931014	A	G	rs2710881	0.12566134685507402	0.9	53000	52161.73	??+
1	931166	A	G	rs2710880	0.48172684958473033	0.63	53000	52161.73	??+
1	931362	A	G	rs2799060	0.5244005127080409	0.5999999999999999	53000	52161.73	??+
1	931508	A	T	rs2799061	0.22754497664114945	0.82	53000	52161.73	??+
1	931730	A	G	rs2005437	0.12566134685507402	0.9	53000	52161.73	??+
1	932618	G	C	rs3128112	0.29237489622680424	0.7699999999999999	53000	52161.73	??+
1	933790	A	G	rs9442392	0.33185334643681663	0.74	53000	52161.73	??+
1	934099	G	C	rs2710867	0.4399131656732338	0.66	53000	52161.73	??+
1	934106	A	G	rs2799063	0.4399131656732338	0.66	53000	52161.73	??+
1	935222	A	C	rs2298214	0.31863936396437514	0.75	53000	52161.73	??+
1	935398	A	G	chr1:935398	0.26631061320409494	0.79	53000	52161.73	??+
1	936111	T	C	rs1936360	0.3718560893850748	0.71	53000	52161.73	??+
1	937688	T	C	rs2489000	0.3584587932511938	0.72	53000	52161.73	??+
1	938116	T	G	rs2710869	0.3584587932511938	0.72	53000	52161.73	??+
1	938213	A	G	rs2799058	0.33185334643681663	0.74	53000	52161.73	??+
1	940005	A	G	rs2799056	0.6280060144375695	0.53	53000	52161.73	??+
1	940096	T	C	rs4503294	0.41246312944140473	0.6799999999999999	53000	52161.73	??+
1	941284	T	C	rs3128116	0.6280060144375695	0.53	53000	52161.73	??+
1	941334	A	G	rs57683598	0.6280060144375695	0.53	53000	52161.73	??+
1	941539	T	C	rs9778087	0.5977601260424784	0.55	53000	52161.73	??+
1	943250	T	C	rs3121568	0.48172684958473033	0.63	53000	52161.73	??+
1	943468	T	C	rs3121567	0.4958503473474533	0.62	53000	52161.73	??+
1	943687	G	C	rs2465140	0.6280060144375695	0.53	53000	52161.73	??+
1	943907	G	C	rs2488992	0.7388468491852137	0.45999999999999996	53000	52161.73	??+
1	943968	T	C	rs13303313	0.31863936396437514	0.75	53000	52161.73	??+
1	944564	T	C	rs3128117	0.6280060144375695	0.53	53000	52161.73	??+
1	945096	T	C	rs3135457	0.7554150263604693	0.44999999999999996	53000	52161.73	??+
1	945111	T	C	rs13303172	0.5977601260424784	0.55	53000	52161.73	??+
1	945474	T	C	rs3121566	0.6588376927361878	0.51	53000	52161.73	??+
1	945612	T	C	rs3121565	0.6903088239330339	0.4900000000000001	53000	52161.73	??+
1	947034	A	G	rs2465126	0.8596173642419115	0.39	53000	52161.73	??+
1	947538	T	C	rs2465125	0.7224790519280627	0.46999999999999986	53000	52161.73	??+
1	962210	A	G	rs3128126	-1.4757910281791706	0.14000000000000007	91664	90214.2	-??
1	990380	T	C	rs3121561	1.5981931399228175	0.10999999999999999	177574	174765.4	+??
1	998501	C	G	rs3813193	0.6128129910166272	0.54	177361	174555.77	+??
1	1003629	T	C	rs4075116	-2.1444106209118403	0.03199999999999999	240455	236651.85	-??
1	1005806	T	C	rs3934834	-0.05015358346473366	0.96	190854	187835.36	-??
1	1017170	C	G	rs3766193	1.3105791121681285	0.19000000000000017	235188	231468.15	+??
1	1017197	T	C	rs3766192	-1.1749867920660904	0.23999999999999988	240151	236352.66	-??
1	1017587	T	C	rs3766191	-0.16365848623314128	0.87	192529	189483.87	-??
1	1018562	T	C	rs9442371	-1.4757910281791706	0.14000000000000007	244542	240674.21	-??
1	1018704	A	G	rs9442372	1.4757910281791706	0.14000000000000007	244492	240625.0	+??
1	1021346	A	G	rs10907177	-0.08784483789587168	0.93	192335	189292.94	-??
1	1021415	A	G	rs3737728	1.8662957434581076	0.06199999999999997	245346	241465.49	+??
1	1021583	A	C	rs10907178	0.02506890825871106	0.98	189321	186326.61	+??
1	1021695	A	G	rs9442398	1.7506860712521701	0.07999999999999997	242759	238919.41	+??
1	1022037	T	C	rs6701114	-1.5981931399228175	0.10999999999999999	218338	214884.66	-??
1	1025301	T	C	rs9442400	0.7063025628400874	0.48	88751	87347.27	+??
1	1026707	A	C	rs4074137	-2.5971531580385556	0.009399999999999976	188044	185069.81	-??
1	1030565	T	C	rs6687776	0.17637416478086132	0.86	199778	196618.21	+??
1	1030633	A	G	rs6678318	0.5680514983389829	0.57	182307	179423.54	+??
1	1031540	A	G	rs9651273	1.5141018876192835	0.13	188012	185038.31	+??
1	1036959	T	C	rs11579015	-2.120071689742151	0.03399999999999998	216903	213472.36	-??
1	1040026	T	C	rs6671356	-1.4395314709384563	0.14999999999999986	208715	205413.86	-??
1	1046164	T	C	rs6666280	1.3407550336902165	0.17999999999999983	214967	211566.98	+??
1	1048955	A	G	rs4970405	-2.2571292444862254	0.024000000000000004	218446	214990.95	-??
1	1049950	A	G	rs12726255	-1.200358858030859	0.22999999999999987	215007	211606.35	-??
1	1053452	A	G	rs4970409	2.408915545815461	0.015999999999999997	213174	209802.34	+??
1	1060174	T	C	rs7548798	-0.1130385406445651	0.91	158896	156382.82	-??
1	1060235	A	G	rs7540009	-0.8596173642419115	0.39	178448	175625.58	-??
1	1060608	A	G	rs17160824	2.1320832908065	0.03299999999999999	217457	214017.59	+??
1	1061115	T	C	rs17160826	-2.0969274291643423	0.03599999999999997	218259	214806.91	-??
1	1061152	T	C	rs12748370	-2.457263390205437	0.014000000000000005	213008	209638.96	-??
1	1061166	T	C	rs11807848	-1.5141018876192838	0.12999999999999998	183898	180989.38	-??
1	1062015	T	C	rs9659914	-0.7224790519280627	0.46999999999999986	166002	163376.43	-??
1	1062638	A	C	rs9442373	-1.7743819103449576	0.07600000000000001	182659	179769.98	-??
1	1064535	C	G	rs6682475	-1.8250068211464034	0.06799999999999996	154723	152275.83	-??
1	1064979	T	C	rs2298217	0.8416212335729142	0.3999999999999999	188002	185028.47	+??
1	1066029	A	G	rs12145826	-0.7891916526582226	0.4299999999999998	75088	73900.37	-??
1	1066403	T	C	rs10907182	1.0364333894937898	0.2999999999999998	174858	172092.36	+??
1	1071118	C	G	rs10907183	-0.9345892910734802	0.35	170862	168159.56	-??
1	1077064	A	C	rs4970357	-0.3054807880993974	0.76	220445	216958.34	-??
1	1079198	T	C	rs11260603	0.22754497664114948	0.82	113543	111747.15	+??
1	1087683	T	C	rs9442380	0.13830420796140452	0.89	232165	228492.97	+??
1	1089262	A	G	rs4970358	0.8416212335729142	0.3999999999999999	229645	226012.82	+??
1	1094738	A	G	rs4970362	0.037608287661255936	0.97	130297	128236.16	+??
1	1097335	T	G	rs9442385	0.2923748962268042	0.77	244391	240525.59	+??
1	1099342	A	C	rs9660710	0.17637416478086135	0.86	246624	242723.28	+??
1	1100217	T	C	rs1891905	-0.6280060144375695	0.53	240167	236368.4	-??
1	1106473	A	G	rs4970420	0.5244005127080409	0.5999999999999999	151481	149085.1	+??
1	1110019	A	G	rs11260542	0.38532046640756773	0.7	108257	106544.75	+??
1	1113121	A	G	rs12092254	-1.2535654384704504	0.21000000000000008	122813	120870.53	-??
1	1119858	T	C	rs1320565	-0.6744897501960817	0.5	162594	160022.33	-??
1	1120431	A	G	rs1320571	-1.6448536269514729	0.09999999999999995	206003	202744.76	-??
1	1121014	A	G	rs3813204	-0.37185608938507475	0.71	184228	181314.16	-??
1	1121794	A	G	rs11260549	-1.0581216176847767	0.29000000000000004	210694	207361.56	-??
1	1124663	A	G	rs6684820	-0.45376219016987945	0.65	238212	234444.32	-??
1	1125553	A	T	rs10907174	0.45376219016987945	0.65	241866	238040.53	+??
1	1129672	T	G	rs11260554	-1.1503493803760079	0.2500000000000001	210628	207296.61	-??
1	1130727	A	C	rs10907175	-0.8964733640019162	0.3699999999999999	248511	244580.43	-??
1	1135242	A	C	rs9729550	0.5828415072712162	0.56	237090	233340.07	+??
1	1138913	T	C	rs3819001	-0.2404260311423079	0.81	228445	224831.8	-??
1	1140435	T	G	rs1815606	-0.3988550656423369	0.69	191581	188550.86	-??
1	1143657	C	G	rs3753348	0.7721932141886848	0.43999999999999995	229042	225419.36	+??
1	1146785	C	G	rs2298209	0.26631061320409494	0.79	160045	157513.65	+??
1	1151300	T	C	rs3813200	-1.0581216176847767	0.29000000000000004	213735	210354.46	-??
1	1152631	A	C	rs11721	1.3407550336902165	0.17999999999999983	238011	234246.5	+??
1	1156131	T	C	rs2887286	1.0581216176847767	0.29000000000000004	220965	217470.11	+??
1	1158277	A	G	rs3813199	1.5547735945968535	0.12000000000000002	252469	248475.83	+??
1	1158631	A	G	rs6603781	0.34512553147047237	0.73	67057	65996.39	+??
1	1162435	A	C	rs3766186	1.5981931399228175	0.10999999999999999	252378	248386.27	+??
1	1163804	T	C	rs7515488	-0.4261480078412781	0.6699999999999999	245645	241759.76	-??
1	1165310	A	G	rs11260562	-1.7114395577093577	0.08700000000000002	228961	225339.64	-??
1	1172907	T	C	rs715643	0.9345892910734803	0.35	134592	132463.23	+??
1	1176597	T	C	rs6675798	0.12566134685507402	0.9	234694	230981.97	+??
1	1181751	T	C	rs6603783	0.13830420796140452	0.89	231752	228086.5	+??
1	1186502	A	T	rs6603785	0.2404260311423079	0.81	176638	173844.21	+??
1	1188225	T	G	rs6603787	-0.012533469508069278	0.99	207297	204018.29	-??
1	1191870	T	C	rs3818646	0.5388360302784503	0.5899999999999999	210746	207412.74	+??
1	1192515	A	G	rs7524470	1.5981931399228175	0.10999999999999999	239767	235974.73	+??
1	1194804	T	C	rs11804831	1.977368428181947	0.04799999999999996	247122	243213.4	+??
1	1198618	A	T	rs12563338	-0.7721932141886848	0.43999999999999995	246860	242955.54	-??
1	1203938	T	C	rs4018608	0.08784483789587168	0.93	201554	198366.12	+??
1	1205155	A	C	rs12073590	1.5981931399228178	0.10999999999999992	200827	197650.62	+??
