#####################################################
# Multivariate genome-wide association meta-analysis
# Version: 0.0.3
# Last update: 30/Jun/2020
# (c) 2017 Kyoko Watanabe
# GNU General Public Licence v3
#####################################################
Flags used:
	--twoside  \
	--config test.config \
	--intercept intercept \
	--out test_output \

Detected 3 input GWAS files.

------------------------------------------------
Process GWAS 1: GWAS1.txt
Detected 99 SNPs in the file
Checking effect column...
Checking weight column...
Checking rsID column...
Formatting gwas input...
WARNING: SNPs with weight 0 are removed.
Converting P to Z score...
Initializing snps matrix...
Initializing weight matrix...
Initializing variable matrix...
------------------------------------------------
Process GWAS 2: GWAS2.txt
Detected 99 SNPs in the file
Checking effect column...
Checking weight column...
Checking rsID column...
Formatting gwas input...
WARNING: SNPs with weight 0 are removed.
Converting P to Z score...
Checking additional SNPs...
Detected 88 additional SNPs
Loading matrices...
Aligning direction...
Updating matrices...
------------------------------------------------
Process GWAS 3: GWAS3.txt
Detected 99 SNPs in the file
Checking effect column...
WARNING: Neither signed effect size or odds ration was gievn, a1 allele is considered as risk increasing allele.
Checking weight column...
Checking rsID column...
Formatting gwas input...
WARNING: SNPs with weight 0 are removed.
Converting P to Z score...
Checking additional SNPs...
Detected 75 additional SNPs
Loading matrices...
Aligning direction...
Updating matrices...
------------------------------------------------

***Sample size***
Sum of sample size: 390469
Effective sample size: 384293.15
Proportion of Neff to Nsum: 0.9842
WARNING: Use ratio of total Neff to total Nsum to compute per SNP Neff
         Use --neff-per-snp flag to compute accurate per SNP Neff.

Process completed
Program run time: 0.26 sec
